// Jest Snapshot v1, https://goo.gl/fbAQLP

exports[`CompletedScreen renders correctly 1`] = `
<View>
  <Text
    accessible={true}
    allowFontScaling={true}
    ellipsizeMode="tail"
  >
    Completed Stuff is here
  </Text>
</View>
`;
