// Jest Snapshot v1, https://goo.gl/fbAQLP

exports[`Achievements renders correctly 1`] = `
<View
  style={
    Object {
      "flex": 1,
      "paddingLeft": 15,
      "paddingRight": 15,
      "paddingTop": 15,
    }
  }
>
  <Text
    accessible={true}
    allowFontScaling={true}
    ellipsizeMode="tail"
    style={
      Object {
        "fontSize": 25,
      }
    }
  >
    Daily Completed
  </Text>
  <Text
    accessible={true}
    allowFontScaling={true}
    ellipsizeMode="tail"
    style={
      Object {
        "fontSize": 10,
        "marginTop": 10,
        "textAlign": "right",
      }
    }
  >
    Best: 
    20
     completed todos in day
  </Text>
  <View
    style={
      Object {
        "flex": 1,
        "flexDirection": "row",
        "flexWrap": "wrap",
        "justifyContent": "space-between",
      }
    }
  >
    <Image
      source={1}
      style={
        Object {
          "height": 50,
          "margin": 20,
          "width": 50,
        }
      }
    />
    <Image
      source={1}
      style={
        Object {
          "height": 50,
          "margin": 20,
          "width": 50,
        }
      }
    />
    <Image
      source={1}
      style={
        Object {
          "height": 50,
          "margin": 20,
          "width": 50,
        }
      }
    />
    <Image
      source={1}
      style={
        Object {
          "height": 50,
          "margin": 20,
          "width": 50,
        }
      }
    />
    <Image
      source={1}
      style={
        Object {
          "height": 50,
          "margin": 20,
          "width": 50,
        }
      }
    />
    <Image
      source={1}
      style={
        Object {
          "height": 50,
          "margin": 20,
          "width": 50,
        }
      }
    />
  </View>
</View>
`;
